[KeyboardMouse2]
VendorID=1
ProductID=1
Button1=57
Button2=256
Button3=18
Button4=42
PadUp=3
PadRight=4
PadDown=5
PadLeft=2
Select=15
Start=1
ShoulderLeft1=33
ShoulderLeft2=20
ShoulderRight1=257
ShoulderRight2=16
StickLeft=10
StickRight=46
LeftStickUp=17
LeftStickDown=31
LeftStickLeft=30
LeftStickRight=32
RightStickUp=200
RightStickDown=208
RightStickLeft=203
RightStickRight=205
CameraActivator=29
[KeyboardMouse5]
VendorID=2
ProductID=2
Button1=259
Button2=256
Button3=18
Button4=260
PadUp=3
PadRight=4
PadDown=5
PadLeft=2
Select=15
Start=1
ShoulderLeft1=33
ShoulderLeft2=20
ShoulderRight1=257
ShoulderRight2=16
StickLeft=10
StickRight=46
LeftStickUp=17
LeftStickDown=31
LeftStickLeft=30
LeftStickRight=32
RightStickUp=200
RightStickDown=208
RightStickLeft=203
RightStickRight=205
CameraActivator=258
[Keyboard]
VendorID=3
ProductID=3
Button1=76
Button2=72
Button3=73
Button4=77
PadUp=82
PadRight=81
PadDown=80
PadLeft=79
Select=15
Start=1
ShoulderLeft1=33
ShoulderLeft2=20
ShoulderRight1=78
ShoulderRight2=16
StickLeft=10
StickRight=75
LeftStickUp=17
LeftStickDown=31
LeftStickLeft=30
LeftStickRight=32
RightStickUp=200
RightStickDown=208
RightStickLeft=203
RightStickRight=205
[KeyboardAlt]
VendorID=4
ProductID=4
Button1=57
Button2=157
Button3=18
Button4=54
PadUp=4
PadRight=3
PadDown=2
PadLeft=5
Select=15
Start=1
ShoulderLeft1=33
ShoulderLeft2=20
ShoulderRight1=42
ShoulderRight2=16
StickLeft=10
StickRight=82
LeftStickUp=17
LeftStickDown=31
LeftStickLeft=30
LeftStickRight=32
RightStickUp=200
RightStickDown=208
RightStickLeft=203
RightStickRight=205
[Mad Catz PC USB wireless game pad]
VendorID=1848
ProductID=17494
Button1=0
Button4=1
Button2=2
Button3=3
ShoulderLeft1=10
ShoulderRight1=11
ShoulderLeft2=4
ShoulderRight2=5
Select=6
Start=8
PadUp=64
PadRight=65
PadDown=66
PadLeft=67
StickLeft=7
StickRight=9
LeftStickUp=130
LeftStickDown=130
LeftStickLeft=129
LeftStickRight=129
RightStickUp=131
RightStickDown=131
RightStickLeft=134
RightStickRight=134
[Saitek P990 Dual Analog Pad]
VendorID=1699
ProductID=1035
Button1=1
Button2=0
Button3=3
Button4=2
PadUp=64
PadRight=65
PadDown=66
PadLeft=67
Select=9
Start=8
ShoulderLeft1=6
ShoulderLeft2=4
ShoulderRight1=7
ShoulderRight2=5
StickLeft=10
StickRight=11
LeftStickUp=130
LeftStickDown=130
LeftStickLeft=129
LeftStickRight=129
RightStickUp=131
RightStickDown=131
RightStickLeft=134
RightStickRight=134
[Thrustmaster vibrating gamepad]
VendorID=1103
ProductID=45856
Button1=0
Button4=2
Button2=1
Button3=3
ShoulderLeft2=5
ShoulderRight2=7
ShoulderLeft1=8
ShoulderRight1=9
Select=4
Start=6
PadUp=64
PadRight=65
PadDown=66
PadLeft=67
StickLeft=10
StickRight=11
LeftStickUp=130
LeftStickDown=130
LeftStickLeft=129
LeftStickRight=129
RightStickUp=135
RightStickDown=135
RightStickLeft=134
RightStickRight=134
[Thrustmaster analog gamepad]
VendorID=1103
ProductID=45845
Button1=0
Button4=2
Button2=1
Button3=3
ShoulderLeft2=5
ShoulderRight2=7
ShoulderLeft1=8
ShoulderRight1=9
Select=4
Start=6
PadUp=64
PadRight=65
PadDown=66
PadLeft=67
StickLeft=10
StickRight=11
LeftStickUp=130
LeftStickDown=130
LeftStickLeft=129
LeftStickRight=129
RightStickUp=135
RightStickDown=135
RightStickLeft=134
RightStickRight=134
[Logitech RumblePad 2 USB]
VendorID=1133
ProductID=49688
Button1=1
Button4=2
Button2=0
Button3=3
ShoulderLeft2=4
ShoulderRight2=5
ShoulderLeft1=6
ShoulderRight1=7
Select=8
Start=9
PadUp=64
PadRight=65
PadDown=66
PadLeft=67
StickLeft=10
StickRight=11
LeftStickUp=130
LeftStickDown=130
LeftStickLeft=129
LeftStickRight=129
RightStickUp=134
RightStickDown=134
RightStickLeft=131
RightStickRight=131
[Dual Trigger 2-in-1]
VendorID=1103
ProductID=0
Button1=1
Button2=0
Button3=3
Button4=2
PadUp=64
PadRight=65
PadDown=66
PadLeft=67
Select=8
Start=9
ShoulderLeft1=6
ShoulderLeft2=4
ShoulderRight1=7
ShoulderRight2=5
StickLeft=10
StickRight=11
LeftStickUp=130
LeftStickDown=130
LeftStickLeft=129
LeftStickRight=129
RightStickUp=134
RightStickDown=134
RightStickLeft=131
RightStickRight=131
[Dual Trigger 3-in-1]
VendorID=1103
ProductID=45859
Button1=1
Button2=0
Button3=3
Button4=2
PadUp=64
PadRight=65
PadDown=66
PadLeft=67
Select=8
Start=9
ShoulderLeft1=6
ShoulderLeft2=4
ShoulderRight1=7
ShoulderRight2=5
StickLeft=10
StickRight=11
LeftStickUp=130
LeftStickDown=130
LeftStickLeft=129
LeftStickRight=129
RightStickUp=134
RightStickDown=134
RightStickLeft=131
RightStickRight=131
[Cyborg Force Rumble Pad]
VendorID=1699
ProductID=65292
Button1=2
Button2=0
Button3=1
Button4=3
PadUp=64
PadRight=65
PadDown=66
PadLeft=67
Select=10
Start=4
ShoulderLeft1=6
ShoulderLeft2=11
ShoulderRight1=7
ShoulderRight2=5
StickLeft=8
StickRight=9
LeftStickUp=130
LeftStickDown=130
LeftStickLeft=129
LeftStickRight=129
RightStickUp=135
RightStickDown=135
RightStickLeft=134
RightStickRight=134
[Saitek P2500 Rumble Pad]
VendorID=1699
ProductID=65292
Button1=2
Button4=3
Button2=0
Button3=1
ShoulderLeft2=4
ShoulderRight2=5
ShoulderLeft1=6
ShoulderRight1=7
Select=11
Start=10
PadUp=64
PadRight=65
PadDown=66
PadLeft=67
StickLeft=8
StickRight=9
LeftStickUp=130
LeftStickDown=130
LeftStickLeft=129
LeftStickRight=129
RightStickUp=131
RightStickDown=131
RightStickLeft=134
RightStickRight=134
[Rechargeable DT 2 in 1]
VendorID=1103
ProductID=0
Button1=0
Button4=2
Button2=1
Button3=3
ShoulderLeft2=4
ShoulderRight2=6
ShoulderLeft1=5
ShoulderRight1=7
Select=8
Start=9
PadUp=64
PadRight=65
PadDown=66
PadLeft=67
StickLeft=10
StickRight=11
LeftStickUp=130
LeftStickDown=130
LeftStickLeft=129
LeftStickRight=129
RightStickUp=135
RightStickDown=135
RightStickLeft=134
RightStickRight=134
[Thrustmaster vibrating Upad]
VendorID=1103
ProductID=0
Button1=0
Button4=2
Button2=1
Button3=3
ShoulderLeft2=4
ShoulderRight2=6
ShoulderLeft1=5
ShoulderRight1=7
Select=8
Start=9
PadUp=64
PadRight=65
PadDown=66
PadLeft=66
StickLeft=10
StickRight=11
LeftStickUp=130
LeftStickDown=130
LeftStickLeft=129
LeftStickRight=129
RightStickUp=135
RightStickDown=135
RightStickLeft=134
RightStickRight=134
[Nostromo n45 Dual Analog Gamepad]
VendorID=1293
ProductID=0
Button1=0
Button4=1
Button2=2
Button3=3
ShoulderLeft2=4
ShoulderRight2=6
ShoulderLeft1=5
ShoulderRight1=7
Select=8
Start=10
PadUp=64
PadRight=65
PadDown=66
PadLeft=67
StickLeft=12
StickRight=11
LeftStickUp=130
LeftStickDown=130
LeftStickLeft=129
LeftStickRight=129
RightStickUp=131
RightStickDown=131
RightStickLeft=134
RightStickRight=134
[P880]
VendorID=1699
ProductID=265
Button1=2
Button2=0
Button3=1
Button4=3
ShoulderLeft1=6
ShoulderLeft2=5
ShoulderRight1=7
ShoulderRight2=10
Select=10
Start=4
PadUp=64
PadRight=65
PadDown=66
PadLeft=67
StickLeft=8
StickRight=9
LeftStickUp=130
LeftStickDown=130
LeftStickLeft=129
LeftStickRight=129
RightStickUp=131
RightStickDown=131
RightStickLeft=134
RightStickRight=134
[Thrustmaster T-Mini]
VendorID=1103
ProductID=0
Button1=1
Button4=3
Button2=2
Button3=4
ShoulderLeft2=5
ShoulderRight2=6
ShoulderLeft1=7
ShoulderRight1=8
Select=9
Start=10
PadUp=64
PadRight=65
PadDown=66
PadLeft=67
StickLeft=10
StickRight=12
LeftStickUp=130
LeftStickDown=130
LeftStickLeft=129
LeftStickRight=129
RightStickUp=135
RightStickDown=135
RightStickLeft=134
RightStickRight=134
[Thrustmaster T-Mini Wireless 3-in-1]
VendorID=1103
ProductID=53255
Button1=1
Button2=0
Button3=3
Button4=2
PadUp=64
PadRight=65
PadDown=66
PadLeft=67
Select=8
Start=9
ShoulderLeft1=6
ShoulderLeft2=4
ShoulderRight1=7
ShoulderRight2=5
StickLeft=10
StickRight=11
LeftStickUp=130
LeftStickDown=130
LeftStickLeft=129
LeftStickRight=129
RightStickUp=134
RightStickDown=134
RightStickLeft=131
RightStickRight=131
[Thrustmaster T-Mini Rumble]
VendorID=1103
ProductID=53249
Button1=0
Button2=1
Button3=3
Button4=2
PadUp=64
PadRight=65
PadDown=66
PadLeft=67
Select=8
Start=9
ShoulderLeft1=5
ShoulderLeft2=4
ShoulderRight1=7
ShoulderRight2=6
StickLeft=10
StickRight=11
LeftStickUp=130
LeftStickDown=130
LeftStickLeft=129
LeftStickRight=129
RightStickUp=135
RightStickDown=135
RightStickLeft=134
RightStickRight=134
[Logitech Dual Action]
VendorID=1133
ProductID=49686
Button1=1
Button2=0
Button3=3
Button4=2
PadUp=64
PadRight=65
PadDown=66
PadLeft=67
Select=8
Start=9
ShoulderLeft1=6
ShoulderLeft2=4
ShoulderRight1=7
ShoulderRight2=5
StickLeft=10
StickRight=11
LeftStickUp=130
LeftStickDown=130
LeftStickLeft=129
LeftStickRight=129
RightStickUp=134
RightStickDown=134
RightStickLeft=131
RightStickRight=131
[Logitech Dual Shock]
VendorID=1133
ProductID=49686
Button1=1
Button4=3
Button2=2
Button3=4
ShoulderLeft2=5
ShoulderRight2=7
ShoulderLeft1=6
ShoulderRight1=8
Select=9
Start=10
PadUp=64
PadRight=65
PadDown=66
PadLeft=67
StickLeft=10
StickRight=12
LeftStickUp=130
LeftStickDown=130
LeftStickLeft=129
LeftStickRight=129
RightStickUp=135
RightStickDown=135
RightStickLeft=134
RightStickRight=134
[Mad Catz Game Controller]
VendorID=1848
ProductID=17446
Button1=0
Button4=1
Button2=2
Button3=3
ShoulderLeft2=4
ShoulderRight2=5
ShoulderLeft1=10
ShoulderRight1=11
Select=6
Start=8
PadUp=64
PadRight=65
PadDown=66
PadLeft=67
StickLeft=7
StickRight=9
LeftStickUp=130
LeftStickDown=130
LeftStickLeft=129
LeftStickRight=129
RightStickUp=131
RightStickDown=131
RightStickLeft=134
RightStickRight=134
[Saitek P2600 Rumble Force Pad]
VendorID=1699
ProductID=24333
Button1=1
Button2=0
Button3=3
Button4=2
PadUp=64
PadRight=65
PadDown=66
PadLeft=67
Select=9
Start=8
ShoulderLeft1=6
ShoulderLeft2=4
ShoulderRight1=7
ShoulderRight2=11
StickLeft=10
StickRight=5
LeftStickUp=130
LeftStickDown=130
LeftStickLeft=129
LeftStickRight=129
RightStickUp=131
RightStickDown=131
RightStickLeft=134
RightStickRight=134
[Saitek P2600 Rumble Force Pad]
VendorID=1699
ProductID=65293
Button1=1
Button4=2
Button2=0
Button3=3
ShoulderLeft2=4
ShoulderRight2=11
ShoulderLeft1=6
ShoulderRight1=7
Select=9
Start=8
PadUp=64
PadRight=65
PadDown=66
PadLeft=67
StickLeft=10
StickRight=5
LeftStickUp=130
LeftStickDown=130
LeftStickLeft=129
LeftStickRight=129
RightStickUp=135
RightStickDown=135
RightStickLeft=134
RightStickRight=134
[Wireless DT]
VendorID=1103
ProductID=45857
Button1=1
Button4=3
Button2=2
Button3=4
ShoulderLeft2=5
ShoulderRight2=7
ShoulderLeft1=6
ShoulderRight1=8
Select=9
Start=10
PadUp=64
PadRight=65
PadDown=66
PadLeft=67
StickLeft=10
StickRight=12
LeftStickUp=130
LeftStickDown=130
LeftStickLeft=129
LeftStickRight=129
RightStickUp=135
RightStickDown=135
RightStickLeft=134
RightStickRight=134
[Logitech Cordless RumblePad 2]
VendorID=1133
ProductID=49689
Button1=1
Button4=2
Button2=0
Button3=3
ShoulderLeft2=4
ShoulderRight2=5
ShoulderLeft1=6
ShoulderRight1=7
Select=8
Start=9
PadUp=64
PadRight=65
PadDown=66
PadLeft=67
StickLeft=10
StickRight=11
LeftStickUp=130
LeftStickDown=130
LeftStickLeft=129
LeftStickRight=129
RightStickUp=134
RightStickDown=134
RightStickLeft=131
RightStickRight=131
[WingMan Cordless Gamepad]
VendorID=1133
ProductID=0
Button1=0
Button4=1
Button2=3
Button3=4
ShoulderLeft2=6
ShoulderRight2=7
ShoulderLeft1=9
ShoulderRight1=10
Select=8
Start=8
PadUp=64
PadRight=65
PadDown=65
PadLeft=67
StickLeft=5
StickRight=2
LeftStickUp=130
LeftStickDown=130
LeftStickLeft=129
LeftStickRight=129
RightStickUp=135
RightStickDown=135
RightStickLeft=134
RightStickRight=134
[WingMan RumblePad]
VendorID=1133
ProductID=49674
Button1=0
Button4=1
Button2=3
Button3=4
ShoulderLeft2=5
ShoulderRight2=2
ShoulderLeft1=6
ShoulderRight1=7
Select=8
Start=8
PadUp=64
PadRight=65
PadDown=66
PadLeft=67
StickLeft=-1
StickRight=-1
LeftStickUp=131
LeftStickDown=131
LeftStickLeft=129
LeftStickRight=129
RightStickUp=131
RightStickDown=131
RightStickLeft=131
RightStickRight=131
[Saitek P2900 Wireless Pad]
VendorID=1699
ProductID=1036
Button1=1
Button2=0
Button3=3
Button4=2
PadUp=64
PadRight=65
PadDown=66
PadLeft=67
Select=8
Start=9
ShoulderLeft1=6
ShoulderLeft2=4
ShoulderRight1=7
ShoulderRight2=5
StickLeft=10
StickRight=11
LeftStickUp=130
LeftStickDown=130
LeftStickLeft=129
LeftStickRight=129
RightStickUp=131
RightStickDown=131
RightStickLeft=134
RightStickRight=134
[Firestorm Wireless Gamepad]
VendorID=1103
ProductID=45834
Button1=0
Button4=2
Button2=1
Button3=3
ShoulderLeft2=4
ShoulderRight2=6
ShoulderLeft1=5
ShoulderRight1=7
Select=8
Start=9
PadUp=64
PadRight=65
PadDown=66
PadLeft=67
StickLeft=10
StickRight=11
LeftStickUp=130
LeftStickDown=130
LeftStickLeft=129
LeftStickRight=129
RightStickUp=135
RightStickDown=135
RightStickLeft=134
RightStickRight=134
[Saitek P3000 RF Game-Pad]
VendorID=1699
ProductID=0
Button1=1
Button4=2
Button2=0
Button3=3
ShoulderLeft2=4
ShoulderRight2=5
ShoulderLeft1=6
ShoulderRight1=7
Select=9
Start=8
PadUp=64
PadRight=65
PadDown=66
PadLeft=67
StickLeft=10
StickRight=11
LeftStickUp=130
LeftStickDown=130
LeftStickLeft=129
LeftStickRight=129
RightStickUp=131
RightStickDown=131
RightStickLeft=134
RightStickRight=134
[XBCD XBox Gamepad]
VendorID=2341
ProductID=5768
Button1=0
Button4=1
Button2=2
Button3=3
ShoulderLeft2=5
ShoulderRight2=4
ShoulderLeft1=10
ShoulderRight1=11
Select=7
Start=6
PadUp=64
PadRight=65
PadDown=66
PadLeft=67
StickLeft=8
StickRight=9
LeftStickUp=130
LeftStickDown=130
LeftStickLeft=129
LeftStickRight=129
RightStickUp=133
RightStickDown=133
RightStickLeft=132
RightStickRight=132
[Thrustmaster dual analog 3.2]
VendorID=1103
ProductID=45845
Button1=0
Button2=1
Button3=3
Button4=2
PadUp=64
PadRight=65
PadDown=66
PadLeft=67
Select=8
Start=9
ShoulderLeft1=5
ShoulderLeft2=4
ShoulderRight1=7
ShoulderRight2=6
StickLeft=10
StickRight=11
LeftStickUp=130
LeftStickDown=130
LeftStickLeft=129
LeftStickRight=129
RightStickUp=135
RightStickDown=135
RightStickLeft=134
RightStickRight=134
[Thrustmaster DT Rumble]
VendorID=1103
ProductID=45856
Button1=0
Button2=1
Button3=3
Button4=2
PadUp=64
PadRight=65
PadDown=66
PadLeft=67
Select=8
Start=9
ShoulderLeft1=5
ShoulderLeft2=4
ShoulderRight1=7
ShoulderRight2=6
StickLeft=10
StickRight=11
LeftStickUp=130
LeftStickDown=130
LeftStickLeft=129
LeftStickRight=129
RightStickUp=135
RightStickDown=135
RightStickLeft=134
RightStickRight=134
[PC TWIN SHOCK]
VendorID=121
ProductID=6
Button1=2
Button2=0
Button3=1
Button4=3
PadUp=64
PadRight=65
PadDown=66
PadLeft=67
Select=8
Start=9
ShoulderLeft1=6
ShoulderLeft2=4
ShoulderRight1=7
ShoulderRight2=5
StickLeft=10
StickRight=11
LeftStickUp=130
LeftStickDown=130
LeftStickLeft=129
LeftStickRight=129
RightStickUp=134
RightStickDown=134
RightStickLeft=131
RightStickRight=131
[Thrustmaster Run 'n Drive Wired]
VendorID=1133
ProductID=49686
Button1=2
Button4=3
Button2=1
Button3=4
ShoulderLeft2=7
ShoulderRight2=6
ShoulderLeft1=5
ShoulderRight1=6
Select=8
Start=9
PadUp=64
PadRight=65
PadDown=66
PadLeft=67
StickLeft=10
StickRight=11
LeftStickUp=130
LeftStickDown=130
LeftStickLeft=129
LeftStickRight=129
RightStickUp=131
RightStickDown=131
RightStickLeft=131
RightStickRight=131
[Run'N' Drive Rumble Force]
VendorID=1103
ProductID=53251
Button1=1
Button2=0
Button3=3
Button4=2
PadUp=64
PadRight=65
PadDown=66
PadLeft=67
Select=8
Start=9
ShoulderLeft1=6
ShoulderLeft2=4
ShoulderRight1=7
ShoulderRight2=5
StickLeft=10
StickRight=11
LeftStickUp=130
LeftStickDown=130
LeftStickLeft=129
LeftStickRight=129
RightStickUp=134
RightStickDown=134
RightStickLeft=131
RightStickRight=131
[Thrustmaster Wireless Dual Trigger Gamepad]
VendorID=1103
ProductID=45857
Button1=0
Button2=1
Button3=3
Button4=2
PadUp=64
PadRight=65
PadDown=66
PadLeft=67
Select=8
Start=9
ShoulderLeft1=5
ShoulderLeft2=4
ShoulderRight1=7
ShoulderRight2=6
StickLeft=10
StickRight=11
LeftStickUp=130
LeftStickDown=130
LeftStickLeft=129
LeftStickRight=129
RightStickUp=135
RightStickDown=135
RightStickLeft=134
RightStickRight=134
[Controller (XUSB Gamepad)]
VendorID=1133
ProductID=49730
Button1=0
Button2=2
Button3=3
Button4=1
PadUp=64
PadRight=65
PadDown=66
PadLeft=67
Select=6
Start=7
ShoulderLeft1=10
ShoulderLeft2=4
ShoulderRight1=11
ShoulderRight2=5
StickLeft=8
StickRight=9
LeftStickUp=130
LeftStickDown=130
LeftStickLeft=129
LeftStickRight=129
RightStickUp=133
RightStickDown=133
RightStickLeft=132
RightStickRight=132